stm32f1xx_ll_rcc.h:840:22:LL_RCC_HSI_Enable	4	static
stm32f1xx_ll_rcc.h:860:26:LL_RCC_HSI_IsReady	4	static
stm32f1xx_ll_rcc.h:886:22:LL_RCC_HSI_SetCalibTrimming	16	static
stm32f1xx_ll_rcc.h:1014:22:LL_RCC_SetSysClkSource	16	static
stm32f1xx_ll_rcc.h:1027:26:LL_RCC_GetSysClkSource	4	static
stm32f1xx_ll_rcc.h:1098:26:LL_RCC_GetAHBPrescaler	4	static
stm32f1xx_ll_rcc.h:1113:26:LL_RCC_GetAPB1Prescaler	4	static
stm32f1xx_ll_rcc.h:1128:26:LL_RCC_GetAPB2Prescaler	4	static
stm32f1xx_ll_rcc.h:1263:26:LL_RCC_GetUSBClockSource	16	static
stm32f1xx_ll_rcc.h:1280:26:LL_RCC_GetADCClockSource	16	static
stm32f1xx_ll_rcc.h:1408:26:LL_RCC_PLL_IsReady	4	static
stm32f1xx_ll_rcc.h:1520:26:LL_RCC_PLL_GetMainSource	4	static
stm32f1xx_ll_rcc.h:1554:26:LL_RCC_PLL_GetMultiplicator	4	static
stm32f1xx_ll_rcc.h:1584:26:LL_RCC_PLL_GetPrediv	4	static
stm32f1xx_ll_rcc.h:2028:22:LL_RCC_ClearResetFlags	4	static
stm32f1xx_ll_rcc.c:103:13:LL_RCC_DeInit	8	static
stm32f1xx_ll_rcc.c:190:6:LL_RCC_GetSystemClocksFreq	16	static
stm32f1xx_ll_rcc.c:247:10:LL_RCC_GetUSBClockFreq	24	static
stm32f1xx_ll_rcc.c:306:10:LL_RCC_GetADCClockFreq	32	static,ignoring_inline_asm
stm32f1xx_ll_rcc.c:340:10:RCC_GetSystemClockFreq	16	static
stm32f1xx_ll_rcc.c:372:10:RCC_GetHCLKClockFreq	16	static
stm32f1xx_ll_rcc.c:383:10:RCC_GetPCLK1ClockFreq	16	static
stm32f1xx_ll_rcc.c:394:10:RCC_GetPCLK2ClockFreq	16	static
stm32f1xx_ll_rcc.c:404:10:RCC_PLL_GetFreqDomain_SYS	16	static
