main.c:84:5:_write	24	static
main.c:103:5:main	8	static
main.c:195:6:SystemClock_Config	72	static
main.c:234:13:MX_TIM2_Init	32	static
main.c:279:13:MX_UART4_Init	8	static
main.c:312:13:MX_UART5_Init	8	static
main.c:345:13:MX_USART1_UART_Init	8	static
main.c:378:13:MX_USART2_UART_Init	8	static
main.c:411:13:MX_USART3_UART_Init	8	static
main.c:444:13:MX_GPIO_Init	56	static
main.c:523:13:MX_FSMC_Init	40	static
main.c:580:6:HAL_TIM_PeriodElapsedCallback	16	static
main.c:602:6:Error_Handler	4	static
