main.c:86:5:_write	24	static
main.c:117:5:main	16	static
main.c:232:6:SystemClock_Config	72	static
main.c:271:13:MX_TIM2_Init	32	static
main.c:316:13:MX_UART4_Init	8	static
main.c:349:13:MX_UART5_Init	8	static
main.c:382:13:MX_USART1_UART_Init	8	static
main.c:415:13:MX_USART2_UART_Init	8	static
main.c:448:13:MX_USART3_UART_Init	8	static
main.c:479:13:MX_DMA_Init	16	static
main.c:497:13:MX_GPIO_Init	56	static
main.c:576:13:MX_FSMC_Init	40	static
main.c:633:6:HAL_TIM_PeriodElapsedCallback	16	static
main.c:648:6:print_network_information	32	static
main.c:665:6:Error_Handler	4	static
