stm32f1xx_it.c:75:6:NMI_Handler	4	static
stm32f1xx_it.c:88:6:HardFault_Handler	4	static
stm32f1xx_it.c:103:6:MemManage_Handler	4	static
stm32f1xx_it.c:118:6:BusFault_Handler	4	static
stm32f1xx_it.c:133:6:UsageFault_Handler	4	static
stm32f1xx_it.c:148:6:SVC_Handler	4	static
stm32f1xx_it.c:161:6:DebugMon_Handler	4	static
stm32f1xx_it.c:174:6:PendSV_Handler	4	static
stm32f1xx_it.c:187:6:SysTick_Handler	8	static
stm32f1xx_it.c:208:6:TIM2_IRQHandler	8	static
stm32f1xx_it.c:222:6:USART1_IRQHandler	8	static
stm32f1xx_it.c:236:6:USART3_IRQHandler	8	static
stm32f1xx_it.c:250:6:UART4_IRQHandler	8	static
stm32f1xx_it.c:264:6:UART5_IRQHandler	8	static
stm32f1xx_it.c:278:6:DMA2_Channel4_5_IRQHandler	8	static
